Archive member included because of file (symbol)

c:/winavr-20100110/bin/../lib/gcc/avr/4.3.3/avr5\libgcc.a(_udivmodsi4.o)
                              ./uart.o (__udivmodsi4)
c:/winavr-20100110/bin/../lib/gcc/avr/4.3.3/avr5\libgcc.a(_exit.o)
                              c:/winavr-20100110/bin/../lib/gcc/avr/4.3.3/../../../../avr/lib/avr5/crtm16.o (exit)
c:/winavr-20100110/bin/../lib/gcc/avr/4.3.3/avr5\libgcc.a(_copy_data.o)
                              ./FinalProject_MC2.o (__do_copy_data)
c:/winavr-20100110/bin/../lib/gcc/avr/4.3.3/avr5\libgcc.a(_clear_bss.o)
                              ./FinalProject_MC2.o (__do_clear_bss)

Allocating common symbols
Common symbol       size              file

PassMC2             0x6               ./FinalProject_MC2.o
PassRecorded        0x1               ./FinalProject_MC2.o
HashDecide          0x1               ./FinalProject_MC2.o
i                   0x1               ./FinalProject_MC2.o
choice              0x1               ./FinalProject_MC2.o

Memory Configuration

Name             Origin             Length             Attributes
text             0x00000000         0x00020000         xr
data             0x00800060         0x0000ffa0         rw !x
eeprom           0x00810000         0x00010000         rw !x
fuse             0x00820000         0x00000400         rw !x
lock             0x00830000         0x00000400         rw !x
signature        0x00840000         0x00000400         rw !x
*default*        0x00000000         0xffffffff

Linker script and memory map

LOAD c:/winavr-20100110/bin/../lib/gcc/avr/4.3.3/../../../../avr/lib/avr5/crtm16.o
LOAD ./FinalProject_MC2.o
LOAD ./external_eeprom.o
LOAD ./i2c.o
LOAD ./timer1.o
LOAD ./uart.o
LOAD c:/winavr-20100110/bin/../lib/gcc/avr/4.3.3/avr5\libgcc.a
LOAD c:/winavr-20100110/bin/../lib/gcc/avr/4.3.3/../../../../avr/lib/avr5\libc.a
LOAD c:/winavr-20100110/bin/../lib/gcc/avr/4.3.3/avr5\libgcc.a

.hash
 *(.hash)

.dynsym
 *(.dynsym)

.dynstr
 *(.dynstr)

.gnu.version
 *(.gnu.version)

.gnu.version_d
 *(.gnu.version_d)

.gnu.version_r
 *(.gnu.version_r)

.rel.init
 *(.rel.init)

.rela.init
 *(.rela.init)

.rel.text
 *(.rel.text)
 *(.rel.text.*)
 *(.rel.gnu.linkonce.t*)

.rela.text
 *(.rela.text)
 *(.rela.text.*)
 *(.rela.gnu.linkonce.t*)

.rel.fini
 *(.rel.fini)

.rela.fini
 *(.rela.fini)

.rel.rodata
 *(.rel.rodata)
 *(.rel.rodata.*)
 *(.rel.gnu.linkonce.r*)

.rela.rodata
 *(.rela.rodata)
 *(.rela.rodata.*)
 *(.rela.gnu.linkonce.r*)

.rel.data
 *(.rel.data)
 *(.rel.data.*)
 *(.rel.gnu.linkonce.d*)

.rela.data
 *(.rela.data)
 *(.rela.data.*)
 *(.rela.gnu.linkonce.d*)

.rel.ctors
 *(.rel.ctors)

.rela.ctors
 *(.rela.ctors)

.rel.dtors
 *(.rel.dtors)

.rela.dtors
 *(.rela.dtors)

.rel.got
 *(.rel.got)

.rela.got
 *(.rela.got)

.rel.bss
 *(.rel.bss)

.rela.bss
 *(.rela.bss)

.rel.plt
 *(.rel.plt)

.rela.plt
 *(.rela.plt)

.text           0x00000000      0xd3c
 *(.vectors)
 .vectors       0x00000000       0x54 c:/winavr-20100110/bin/../lib/gcc/avr/4.3.3/../../../../avr/lib/avr5/crtm16.o
                0x00000000                __vectors
                0x00000000                __vector_default
 *(.vectors)
 *(.progmem.gcc*)
 *(.progmem*)
                0x00000054                . = ALIGN (0x2)
                0x00000054                __trampolines_start = .
 *(.trampolines)
 .trampolines   0x00000054        0x0 linker stubs
 *(.trampolines*)
                0x00000054                __trampolines_end = .
 *(.jumptables)
 *(.jumptables*)
 *(.lowtext)
 *(.lowtext*)
                0x00000054                __ctors_start = .
 *(.ctors)
                0x00000054                __ctors_end = .
                0x00000054                __dtors_start = .
 *(.dtors)
                0x00000054                __dtors_end = .
 SORT(*)(.ctors)
 SORT(*)(.dtors)
 *(.init0)
 .init0         0x00000054        0x0 c:/winavr-20100110/bin/../lib/gcc/avr/4.3.3/../../../../avr/lib/avr5/crtm16.o
                0x00000054                __init
 *(.init0)
 *(.init1)
 *(.init1)
 *(.init2)
 .init2         0x00000054        0xc c:/winavr-20100110/bin/../lib/gcc/avr/4.3.3/../../../../avr/lib/avr5/crtm16.o
 *(.init2)
 *(.init3)
 *(.init3)
 *(.init4)
 .init4         0x00000060       0x16 c:/winavr-20100110/bin/../lib/gcc/avr/4.3.3/avr5\libgcc.a(_copy_data.o)
                0x00000060                __do_copy_data
 .init4         0x00000076       0x10 c:/winavr-20100110/bin/../lib/gcc/avr/4.3.3/avr5\libgcc.a(_clear_bss.o)
                0x00000076                __do_clear_bss
 *(.init4)
 *(.init5)
 *(.init5)
 *(.init6)
 *(.init6)
 *(.init7)
 *(.init7)
 *(.init8)
 *(.init8)
 *(.init9)
 .init9         0x00000086        0x8 c:/winavr-20100110/bin/../lib/gcc/avr/4.3.3/../../../../avr/lib/avr5/crtm16.o
 *(.init9)
 *(.text)
 .text          0x0000008e        0x4 c:/winavr-20100110/bin/../lib/gcc/avr/4.3.3/../../../../avr/lib/avr5/crtm16.o
                0x0000008e                __vector_1
                0x0000008e                __vector_12
                0x0000008e                __bad_interrupt
                0x0000008e                __vector_3
                0x0000008e                __vector_11
                0x0000008e                __vector_13
                0x0000008e                __vector_17
                0x0000008e                __vector_19
                0x0000008e                __vector_7
                0x0000008e                __vector_5
                0x0000008e                __vector_4
                0x0000008e                __vector_9
                0x0000008e                __vector_2
                0x0000008e                __vector_15
                0x0000008e                __vector_8
                0x0000008e                __vector_14
                0x0000008e                __vector_10
                0x0000008e                __vector_16
                0x0000008e                __vector_18
                0x0000008e                __vector_20
 .text          0x00000092        0x0 ./FinalProject_MC2.o
 .text          0x00000092        0x0 ./external_eeprom.o
 .text          0x00000092        0x0 ./i2c.o
 .text          0x00000092        0x0 ./timer1.o
 .text          0x00000092        0x0 ./uart.o
 .text          0x00000092        0x0 c:/winavr-20100110/bin/../lib/gcc/avr/4.3.3/avr5\libgcc.a(_udivmodsi4.o)
 .text          0x00000092        0x0 c:/winavr-20100110/bin/../lib/gcc/avr/4.3.3/avr5\libgcc.a(_exit.o)
 .text          0x00000092        0x0 c:/winavr-20100110/bin/../lib/gcc/avr/4.3.3/avr5\libgcc.a(_copy_data.o)
 .text          0x00000092        0x0 c:/winavr-20100110/bin/../lib/gcc/avr/4.3.3/avr5\libgcc.a(_clear_bss.o)
                0x00000092                . = ALIGN (0x2)
 *(.text.*)
 .text.main     0x00000092      0x27c ./FinalProject_MC2.o
                0x00000092                main
 .text.BUZZER_ON_MC2
                0x0000030e       0x82 ./FinalProject_MC2.o
                0x0000030e                BUZZER_ON_MC2
 .text.BUZZER_OFF_MC2
                0x00000390       0x24 ./FinalProject_MC2.o
                0x00000390                BUZZER_OFF_MC2
 .text.OpenDoorMC2
                0x000003b4       0xa0 ./FinalProject_MC2.o
                0x000003b4                OpenDoorMC2
 .text.ClosingDoor
                0x00000454       0x32 ./FinalProject_MC2.o
                0x00000454                ClosingDoor
 .text.StopDoor
                0x00000486       0x92 ./FinalProject_MC2.o
                0x00000486                StopDoor
 .text.EEPROM_init
                0x00000518       0x20 ./external_eeprom.o
                0x00000518                EEPROM_init
 .text.EEPROM_writeByte
                0x00000538       0x82 ./external_eeprom.o
                0x00000538                EEPROM_writeByte
 .text.EEPROM_readByte
                0x000005ba       0xc0 ./external_eeprom.o
                0x000005ba                EEPROM_readByte
 .text.TWI_init
                0x0000067a       0x76 ./i2c.o
                0x0000067a                TWI_init
 .text.TWI_start
                0x000006f0       0x20 ./i2c.o
                0x000006f0                TWI_start
 .text.TWI_stop
                0x00000710       0x16 ./i2c.o
                0x00000710                TWI_stop
 .text.TWI_write
                0x00000726       0x2e ./i2c.o
                0x00000726                TWI_write
 .text.TWI_readWithACK
                0x00000754       0x26 ./i2c.o
                0x00000754                TWI_readWithACK
 .text.TWI_readWithNACK
                0x0000077a       0x26 ./i2c.o
                0x0000077a                TWI_readWithNACK
 .text.TWI_getStatus
                0x000007a0       0x1e ./i2c.o
                0x000007a0                TWI_getStatus
 .text.__vector_6
                0x000007be       0x5a ./timer1.o
                0x000007be                __vector_6
 .text.timer1_init
                0x00000818      0x162 ./timer1.o
                0x00000818                timer1_init
 .text.timerONSeconds
                0x0000097a       0x5e ./timer1.o
                0x0000097a                timerONSeconds
 .text.Timer1_setCallBack
                0x000009d8       0x24 ./timer1.o
                0x000009d8                Timer1_setCallBack
 .text.Timer1_Stop
                0x000009fc       0x6e ./timer1.o
                0x000009fc                Timer1_Stop
 .text.UART_init
                0x00000a6a      0x11c ./uart.o
                0x00000a6a                UART_init
 .text.UART_sendByte
                0x00000b86       0x54 ./uart.o
                0x00000b86                UART_sendByte
 .text.UART_receiveByte
                0x00000bda       0x3e ./uart.o
                0x00000bda                UART_receiveByte
 .text.UART_sendString
                0x00000c18       0x56 ./uart.o
                0x00000c18                UART_sendString
 .text.UART_receiveString
                0x00000c6e       0x86 ./uart.o
                0x00000c6e                UART_receiveString
 .text.libgcc   0x00000cf4       0x44 c:/winavr-20100110/bin/../lib/gcc/avr/4.3.3/avr5\libgcc.a(_udivmodsi4.o)
                0x00000cf4                __udivmodsi4
 .text.libgcc   0x00000d38        0x0 c:/winavr-20100110/bin/../lib/gcc/avr/4.3.3/avr5\libgcc.a(_exit.o)
 .text.libgcc   0x00000d38        0x0 c:/winavr-20100110/bin/../lib/gcc/avr/4.3.3/avr5\libgcc.a(_copy_data.o)
 .text.libgcc   0x00000d38        0x0 c:/winavr-20100110/bin/../lib/gcc/avr/4.3.3/avr5\libgcc.a(_clear_bss.o)
                0x00000d38                . = ALIGN (0x2)
 *(.fini9)
 .fini9         0x00000d38        0x0 c:/winavr-20100110/bin/../lib/gcc/avr/4.3.3/avr5\libgcc.a(_exit.o)
                0x00000d38                exit
                0x00000d38                _exit
 *(.fini9)
 *(.fini8)
 *(.fini8)
 *(.fini7)
 *(.fini7)
 *(.fini6)
 *(.fini6)
 *(.fini5)
 *(.fini5)
 *(.fini4)
 *(.fini4)
 *(.fini3)
 *(.fini3)
 *(.fini2)
 *(.fini2)
 *(.fini1)
 *(.fini1)
 *(.fini0)
 .fini0         0x00000d38        0x4 c:/winavr-20100110/bin/../lib/gcc/avr/4.3.3/avr5\libgcc.a(_exit.o)
 *(.fini0)
                0x00000d3c                _etext = .

.data           0x00800060       0x20 load address 0x00000d3c
                0x00800060                PROVIDE (__data_start, .)
 *(.data)
 .data          0x00800060        0x0 c:/winavr-20100110/bin/../lib/gcc/avr/4.3.3/../../../../avr/lib/avr5/crtm16.o
 .data          0x00800060        0x0 ./FinalProject_MC2.o
 .data          0x00800060        0x0 ./external_eeprom.o
 .data          0x00800060        0x0 ./i2c.o
 .data          0x00800060        0x0 ./timer1.o
 .data          0x00800060        0x0 ./uart.o
 .data          0x00800060        0x0 c:/winavr-20100110/bin/../lib/gcc/avr/4.3.3/avr5\libgcc.a(_udivmodsi4.o)
 .data          0x00800060        0x0 c:/winavr-20100110/bin/../lib/gcc/avr/4.3.3/avr5\libgcc.a(_exit.o)
 .data          0x00800060        0x0 c:/winavr-20100110/bin/../lib/gcc/avr/4.3.3/avr5\libgcc.a(_copy_data.o)
 .data          0x00800060        0x0 c:/winavr-20100110/bin/../lib/gcc/avr/4.3.3/avr5\libgcc.a(_clear_bss.o)
 *(.data*)
 *(.rodata)
 *(.rodata*)
 .rodata.C.1.1418
                0x00800060        0x7 ./FinalProject_MC2.o
 .rodata.C.0.1417
                0x00800067        0x3 ./FinalProject_MC2.o
 .rodata.C.26.1524
                0x0080006a        0x7 ./FinalProject_MC2.o
 .rodata.C.27.1548
                0x00800071        0x7 ./FinalProject_MC2.o
 .rodata.C.2.1413
                0x00800078        0x7 ./timer1.o
 *(.gnu.linkonce.d*)
                0x00800080                . = ALIGN (0x2)
 *fill*         0x0080007f        0x1 00
                0x00800080                _edata = .
                0x00800080                PROVIDE (__data_end, .)

.bss            0x00800080        0xd
                0x00800080                PROVIDE (__bss_start, .)
 *(.bss)
 .bss           0x00800080        0x0 c:/winavr-20100110/bin/../lib/gcc/avr/4.3.3/../../../../avr/lib/avr5/crtm16.o
 .bss           0x00800080        0x0 ./FinalProject_MC2.o
 .bss           0x00800080        0x0 ./external_eeprom.o
 .bss           0x00800080        0x0 ./i2c.o
 .bss           0x00800080        0x0 ./timer1.o
 .bss           0x00800080        0x0 ./uart.o
 .bss           0x00800080        0x0 c:/winavr-20100110/bin/../lib/gcc/avr/4.3.3/avr5\libgcc.a(_udivmodsi4.o)
 .bss           0x00800080        0x0 c:/winavr-20100110/bin/../lib/gcc/avr/4.3.3/avr5\libgcc.a(_exit.o)
 .bss           0x00800080        0x0 c:/winavr-20100110/bin/../lib/gcc/avr/4.3.3/avr5\libgcc.a(_copy_data.o)
 .bss           0x00800080        0x0 c:/winavr-20100110/bin/../lib/gcc/avr/4.3.3/avr5\libgcc.a(_clear_bss.o)
 *(.bss*)
 .bss.g_Timer1_Call_Back_Ptr
                0x00800080        0x2 ./timer1.o
 .bss.flag_bit9
                0x00800082        0x1 ./uart.o
                0x00800082                flag_bit9
 *(COMMON)
 COMMON         0x00800083        0xa ./FinalProject_MC2.o
                0x00800083                PassMC2
                0x00800089                PassRecorded
                0x0080008a                HashDecide
                0x0080008b                i
                0x0080008c                choice
                0x0080008d                PROVIDE (__bss_end, .)
                0x00000d3c                __data_load_start = LOADADDR (.data)
                0x00000d5c                __data_load_end = (__data_load_start + SIZEOF (.data))

.noinit         0x0080008d        0x0
                0x0080008d                PROVIDE (__noinit_start, .)
 *(.noinit*)
                0x0080008d                PROVIDE (__noinit_end, .)
                0x0080008d                _end = .
                0x0080008d                PROVIDE (__heap_start, .)

.eeprom         0x00810000        0x0
 *(.eeprom*)
                0x00810000                __eeprom_end = .

.fuse
 *(.fuse)
 *(.lfuse)
 *(.hfuse)
 *(.efuse)

.lock
 *(.lock*)

.signature
 *(.signature*)

.stab           0x00000000     0x1848
 *(.stab)
 .stab          0x00000000      0x99c ./FinalProject_MC2.o
 .stab          0x0000099c      0x390 ./external_eeprom.o
                                0x624 (size before relaxing)
 .stab          0x00000d2c      0x348 ./i2c.o
                                0x5d0 (size before relaxing)
 .stab          0x00001074      0x384 ./timer1.o
                                0x63c (size before relaxing)
 .stab          0x000013f8      0x450 ./uart.o
                                0x708 (size before relaxing)

.stabstr        0x00000000     0x10ac
 *(.stabstr)
 .stabstr       0x00000000     0x10ac ./FinalProject_MC2.o

.stab.excl
 *(.stab.excl)

.stab.exclstr
 *(.stab.exclstr)

.stab.index
 *(.stab.index)

.stab.indexstr
 *(.stab.indexstr)

.comment
 *(.comment)

.debug
 *(.debug)

.line
 *(.line)

.debug_srcinfo
 *(.debug_srcinfo)

.debug_sfnames
 *(.debug_sfnames)

.debug_aranges
 *(.debug_aranges)

.debug_pubnames
 *(.debug_pubnames)

.debug_info
 *(.debug_info)
 *(.gnu.linkonce.wi.*)

.debug_abbrev
 *(.debug_abbrev)

.debug_line
 *(.debug_line)

.debug_frame
 *(.debug_frame)

.debug_str
 *(.debug_str)

.debug_loc
 *(.debug_loc)

.debug_macinfo
 *(.debug_macinfo)
OUTPUT(FinalProject_MC2.elf elf32-avr)
LOAD linker stubs
